src/components/landing/HeroSection.tsx(49,11): error TS2322: Type '{ hidden: { opacity: number; y: number; }; visible: { opacity: number; y: number; transition: { type: string; stiffness: number; damping: number; }; }; }' is not assignable to type 'Variants'.
  Property 'visible' is incompatible with index signature.
    Type '{ opacity: number; y: number; transition: { type: string; stiffness: number; damping: number; }; }' is not assignable to type 'Variant'.
      Type '{ opacity: number; y: number; transition: { type: string; stiffness: number; damping: number; }; }' is not assignable to type 'TargetAndTransition'.
        Type '{ opacity: number; y: number; transition: { type: string; stiffness: number; damping: number; }; }' is not assignable to type '{ transition?: Transition<any>; transitionEnd?: ResolvedValues$1; }'.
          Types of property 'transition' are incompatible.
            Type '{ type: string; stiffness: number; damping: number; }' is not assignable to type 'Transition<any>'.
              Type '{ type: string; stiffness: number; damping: number; }' is not assignable to type 'TransitionWithValueOverrides<any>'.
                Type '{ type: string; stiffness: number; damping: number; }' is not assignable to type 'ValueAnimationTransition<any>'.
                  Types of property 'type' are incompatible.
                    Type 'string' is not assignable to type 'AnimationGeneratorType'.
src/components/landing/HeroSection.tsx(61,11): error TS2322: Type '{ hidden: { opacity: number; y: number; }; visible: { opacity: number; y: number; transition: { type: string; stiffness: number; damping: number; }; }; }' is not assignable to type 'Variants'.
  Property 'visible' is incompatible with index signature.
    Type '{ opacity: number; y: number; transition: { type: string; stiffness: number; damping: number; }; }' is not assignable to type 'Variant'.
      Type '{ opacity: number; y: number; transition: { type: string; stiffness: number; damping: number; }; }' is not assignable to type 'TargetAndTransition'.
        Type '{ opacity: number; y: number; transition: { type: string; stiffness: number; damping: number; }; }' is not assignable to type '{ transition?: Transition<any>; transitionEnd?: ResolvedValues$1; }'.
          Types of property 'transition' are incompatible.
            Type '{ type: string; stiffness: number; damping: number; }' is not assignable to type 'Transition<any>'.
              Type '{ type: string; stiffness: number; damping: number; }' is not assignable to type 'TransitionWithValueOverrides<any>'.
                Type '{ type: string; stiffness: number; damping: number; }' is not assignable to type 'ValueAnimationTransition<any>'.
                  Types of property 'type' are incompatible.
                    Type 'string' is not assignable to type 'AnimationGeneratorType'.
src/components/landing/HeroSection.tsx(70,11): error TS2322: Type '{ hidden: { opacity: number; y: number; }; visible: { opacity: number; y: number; transition: { type: string; stiffness: number; damping: number; }; }; }' is not assignable to type 'Variants'.
  Property 'visible' is incompatible with index signature.
    Type '{ opacity: number; y: number; transition: { type: string; stiffness: number; damping: number; }; }' is not assignable to type 'Variant'.
      Type '{ opacity: number; y: number; transition: { type: string; stiffness: number; damping: number; }; }' is not assignable to type 'TargetAndTransition'.
        Type '{ opacity: number; y: number; transition: { type: string; stiffness: number; damping: number; }; }' is not assignable to type '{ transition?: Transition<any>; transitionEnd?: ResolvedValues$1; }'.
          Types of property 'transition' are incompatible.
            Type '{ type: string; stiffness: number; damping: number; }' is not assignable to type 'Transition<any>'.
              Type '{ type: string; stiffness: number; damping: number; }' is not assignable to type 'TransitionWithValueOverrides<any>'.
                Type '{ type: string; stiffness: number; damping: number; }' is not assignable to type 'ValueAnimationTransition<any>'.
                  Types of property 'type' are incompatible.
                    Type 'string' is not assignable to type 'AnimationGeneratorType'.
src/components/landing/HeroSection.tsx(78,11): error TS2322: Type '{ hidden: { opacity: number; y: number; }; visible: { opacity: number; y: number; transition: { type: string; stiffness: number; damping: number; }; }; }' is not assignable to type 'Variants'.
  Property 'visible' is incompatible with index signature.
    Type '{ opacity: number; y: number; transition: { type: string; stiffness: number; damping: number; }; }' is not assignable to type 'Variant'.
      Type '{ opacity: number; y: number; transition: { type: string; stiffness: number; damping: number; }; }' is not assignable to type 'TargetAndTransition'.
        Type '{ opacity: number; y: number; transition: { type: string; stiffness: number; damping: number; }; }' is not assignable to type '{ transition?: Transition<any>; transitionEnd?: ResolvedValues$1; }'.
          Types of property 'transition' are incompatible.
            Type '{ type: string; stiffness: number; damping: number; }' is not assignable to type 'Transition<any>'.
              Type '{ type: string; stiffness: number; damping: number; }' is not assignable to type 'TransitionWithValueOverrides<any>'.
                Type '{ type: string; stiffness: number; damping: number; }' is not assignable to type 'ValueAnimationTransition<any>'.
                  Types of property 'type' are incompatible.
                    Type 'string' is not assignable to type 'AnimationGeneratorType'.
src/components/landing/HeroSection.tsx(92,11): error TS2322: Type '{ hidden: { opacity: number; y: number; }; visible: { opacity: number; y: number; transition: { type: string; stiffness: number; damping: number; }; }; }' is not assignable to type 'Variants'.
  Property 'visible' is incompatible with index signature.
    Type '{ opacity: number; y: number; transition: { type: string; stiffness: number; damping: number; }; }' is not assignable to type 'Variant'.
      Type '{ opacity: number; y: number; transition: { type: string; stiffness: number; damping: number; }; }' is not assignable to type 'TargetAndTransition'.
        Type '{ opacity: number; y: number; transition: { type: string; stiffness: number; damping: number; }; }' is not assignable to type '{ transition?: Transition<any>; transitionEnd?: ResolvedValues$1; }'.
          Types of property 'transition' are incompatible.
            Type '{ type: string; stiffness: number; damping: number; }' is not assignable to type 'Transition<any>'.
              Type '{ type: string; stiffness: number; damping: number; }' is not assignable to type 'TransitionWithValueOverrides<any>'.
                Type '{ type: string; stiffness: number; damping: number; }' is not assignable to type 'ValueAnimationTransition<any>'.
                  Types of property 'type' are incompatible.
                    Type 'string' is not assignable to type 'AnimationGeneratorType'.
src/pages/posts/FigmaMCP.tsx(122,107): error TS2322: Type 'string' is not assignable to type 'number'.
src/pages/posts/FigmaMCP.tsx(143,108): error TS2322: Type 'string' is not assignable to type 'number'.
src/pages/posts/GoogleAuth.tsx(460,23): error TS7006: Parameter 'text' implicitly has an 'any' type.
src/pages/posts/GoogleAuth.tsx(538,27): error TS7053: Element implicitly has an 'any' type because expression of type 'string' can't be used to index type '{ blue: { gradient: string; border: string; bg: string; text: string; }; emerald: { gradient: string; border: string; bg: string; text: string; }; violet: { gradient: string; border: string; bg: string; text: string; }; amber: { ...; }; }'.
  No index signature with a parameter of type 'string' was found on type '{ blue: { gradient: string; border: string; bg: string; text: string; }; emerald: { gradient: string; border: string; bg: string; text: string; }; violet: { gradient: string; border: string; bg: string; text: string; }; amber: { ...; }; }'.
src/pages/posts/GoogleAuth.tsx(542,60): error TS2345: Argument of type 'string | null' is not assignable to parameter of type 'SetStateAction<null>'.
  Type 'string' is not assignable to type 'SetStateAction<null>'.
src/pages/posts/GoogleAuth.tsx(559,106): error TS2339: Property 'link' does not exist on type '{ text: string; link: string; label: string; } | { text: string; link?: never; label?: never; } | { text: string; }'.
  Property 'link' does not exist on type '{ text: string; }'.
src/pages/posts/GoogleAuth.tsx(559,128): error TS2339: Property 'link' does not exist on type '{ text: string; link: string; label: string; } | { text: string; link?: never; label?: never; } | { text: string; }'.
  Property 'link' does not exist on type '{ text: string; }'.
src/pages/posts/GoogleAuth.tsx(559,258): error TS2339: Property 'label' does not exist on type '{ text: string; link: string; label: string; } | { text: string; link?: never; label?: never; } | { text: string; }'.
  Property 'label' does not exist on type '{ text: string; }'.
src/pages/posts/GoogleAuth.tsx(607,38): error TS7053: Element implicitly has an 'any' type because expression of type 'string' can't be used to index type '{ oauthClient: { title: string; filename: string; code: string; }; initiateLogin: { title: string; filename: string; code: string; }; handleCallback: { title: string; filename: string; code: string; }; userModel: { ...; }; routes: { ...; }; }'.
  No index signature with a parameter of type 'string' was found on type '{ oauthClient: { title: string; filename: string; code: string; }; initiateLogin: { title: string; filename: string; code: string; }; handleCallback: { title: string; filename: string; code: string; }; userModel: { ...; }; routes: { ...; }; }'.
src/pages/posts/GoogleAuth.tsx(607,85): error TS7053: Element implicitly has an 'any' type because expression of type 'string' can't be used to index type '{ oauthClient: { title: string; filename: string; code: string; }; initiateLogin: { title: string; filename: string; code: string; }; handleCallback: { title: string; filename: string; code: string; }; userModel: { ...; }; routes: { ...; }; }'.
  No index signature with a parameter of type 'string' was found on type '{ oauthClient: { title: string; filename: string; code: string; }; initiateLogin: { title: string; filename: string; code: string; }; handleCallback: { title: string; filename: string; code: string; }; userModel: { ...; }; routes: { ...; }; }'.
src/pages/posts/GoogleAuth.tsx(672,38): error TS7053: Element implicitly has an 'any' type because expression of type 'string' can't be used to index type '{ useAuth: { title: string; filename: string; code: string; }; loginPage: { title: string; filename: string; code: string; }; protectedRoute: { title: string; filename: string; code: string; }; appRouter: { ...; }; profilePage: { ...; }; }'.
  No index signature with a parameter of type 'string' was found on type '{ useAuth: { title: string; filename: string; code: string; }; loginPage: { title: string; filename: string; code: string; }; protectedRoute: { title: string; filename: string; code: string; }; appRouter: { ...; }; profilePage: { ...; }; }'.
src/pages/posts/GoogleAuth.tsx(672,90): error TS7053: Element implicitly has an 'any' type because expression of type 'string' can't be used to index type '{ useAuth: { title: string; filename: string; code: string; }; loginPage: { title: string; filename: string; code: string; }; protectedRoute: { title: string; filename: string; code: string; }; appRouter: { ...; }; profilePage: { ...; }; }'.
  No index signature with a parameter of type 'string' was found on type '{ useAuth: { title: string; filename: string; code: string; }; loginPage: { title: string; filename: string; code: string; }; protectedRoute: { title: string; filename: string; code: string; }; appRouter: { ...; }; profilePage: { ...; }; }'.
src/pages/posts/GoogleAuth.tsx(728,34): error TS7053: Element implicitly has an 'any' type because expression of type 'string' can't be used to index type '{ blue: { gradient: string; border: string; bg: string; text: string; }; emerald: { gradient: string; border: string; bg: string; text: string; }; violet: { gradient: string; border: string; bg: string; text: string; }; amber: { ...; }; }'.
  No index signature with a parameter of type 'string' was found on type '{ blue: { gradient: string; border: string; bg: string; text: string; }; emerald: { gradient: string; border: string; bg: string; text: string; }; violet: { gradient: string; border: string; bg: string; text: string; }; amber: { ...; }; }'.
