src/pages/posts/FigmaMCP.tsx(122,107): error TS2322: Type 'string' is not assignable to type 'number'.
src/pages/posts/FigmaMCP.tsx(143,108): error TS2322: Type 'string' is not assignable to type 'number'.
src/pages/posts/GoogleAuth.tsx(460,23): error TS7006: Parameter 'text' implicitly has an 'any' type.
src/pages/posts/GoogleAuth.tsx(541,84): error TS18048: 'a' is possibly 'undefined'.
src/pages/posts/GoogleAuth.tsx(543,81): error TS18048: 'a' is possibly 'undefined'.
src/pages/posts/GoogleAuth.tsx(545,62): error TS18048: 'a' is possibly 'undefined'.
src/pages/posts/GoogleAuth.tsx(548,63): error TS18048: 'a' is possibly 'undefined'.
src/pages/posts/GoogleAuth.tsx(549,68): error TS18048: 'a' is possibly 'undefined'.
src/pages/posts/GoogleAuth.tsx(549,118): error TS18048: 'a' is possibly 'undefined'.
src/pages/posts/GoogleAuth.tsx(558,89): error TS18048: 'a' is possibly 'undefined'.
src/pages/posts/GoogleAuth.tsx(559,106): error TS2339: Property 'link' does not exist on type '{ text: string; link: string; label: string; } | { text: string; link?: never; label?: never; } | { text: string; }'.
  Property 'link' does not exist on type '{ text: string; }'.
src/pages/posts/GoogleAuth.tsx(559,128): error TS2339: Property 'link' does not exist on type '{ text: string; link: string; label: string; } | { text: string; link?: never; label?: never; } | { text: string; }'.
  Property 'link' does not exist on type '{ text: string; }'.
src/pages/posts/GoogleAuth.tsx(559,190): error TS18048: 'a' is possibly 'undefined'.
src/pages/posts/GoogleAuth.tsx(559,258): error TS2339: Property 'label' does not exist on type '{ text: string; link: string; label: string; } | { text: string; link?: never; label?: never; } | { text: string; }'.
  Property 'label' does not exist on type '{ text: string; }'.
src/pages/posts/GoogleAuth.tsx(607,38): error TS7053: Element implicitly has an 'any' type because expression of type 'string' can't be used to index type '{ oauthClient: { title: string; filename: string; code: string; }; initiateLogin: { title: string; filename: string; code: string; }; handleCallback: { title: string; filename: string; code: string; }; userModel: { ...; }; routes: { ...; }; }'.
  No index signature with a parameter of type 'string' was found on type '{ oauthClient: { title: string; filename: string; code: string; }; initiateLogin: { title: string; filename: string; code: string; }; handleCallback: { title: string; filename: string; code: string; }; userModel: { ...; }; routes: { ...; }; }'.
src/pages/posts/GoogleAuth.tsx(607,85): error TS7053: Element implicitly has an 'any' type because expression of type 'string' can't be used to index type '{ oauthClient: { title: string; filename: string; code: string; }; initiateLogin: { title: string; filename: string; code: string; }; handleCallback: { title: string; filename: string; code: string; }; userModel: { ...; }; routes: { ...; }; }'.
  No index signature with a parameter of type 'string' was found on type '{ oauthClient: { title: string; filename: string; code: string; }; initiateLogin: { title: string; filename: string; code: string; }; handleCallback: { title: string; filename: string; code: string; }; userModel: { ...; }; routes: { ...; }; }'.
src/pages/posts/GoogleAuth.tsx(672,38): error TS7053: Element implicitly has an 'any' type because expression of type 'string' can't be used to index type '{ useAuth: { title: string; filename: string; code: string; }; loginPage: { title: string; filename: string; code: string; }; protectedRoute: { title: string; filename: string; code: string; }; appRouter: { ...; }; profilePage: { ...; }; }'.
  No index signature with a parameter of type 'string' was found on type '{ useAuth: { title: string; filename: string; code: string; }; loginPage: { title: string; filename: string; code: string; }; protectedRoute: { title: string; filename: string; code: string; }; appRouter: { ...; }; profilePage: { ...; }; }'.
src/pages/posts/GoogleAuth.tsx(672,90): error TS7053: Element implicitly has an 'any' type because expression of type 'string' can't be used to index type '{ useAuth: { title: string; filename: string; code: string; }; loginPage: { title: string; filename: string; code: string; }; protectedRoute: { title: string; filename: string; code: string; }; appRouter: { ...; }; profilePage: { ...; }; }'.
  No index signature with a parameter of type 'string' was found on type '{ useAuth: { title: string; filename: string; code: string; }; loginPage: { title: string; filename: string; code: string; }; protectedRoute: { title: string; filename: string; code: string; }; appRouter: { ...; }; profilePage: { ...; }; }'.
src/pages/posts/GoogleAuth.tsx(732,79): error TS18048: 'cardAccent' is possibly 'undefined'.
src/pages/posts/GoogleAuth.tsx(736,60): error TS18048: 'cardAccent' is possibly 'undefined'.
